23/10/2025 01:05:43 p. m. - Error:Error inExportModules
23/10/2025 01:05:48 p. m. - Error:Error inExportModules
23/10/2025 01:28:22 p. m. - Error:Error inExportModules
23/10/2025 06:51:00 p. m. - Error:Error inExportModules
23/10/2025 08:49:06 p. m. - Error:Error inExportModules
24/10/2025 01:59:31 a. m. - Error:Error inExportModules
24/10/2025 01:59:39 a. m. - Error:Error inAutoloadModules
24/10/2025 02:03:45 a. m. - DEBUG:Importing VBA Files from: C:\Users\user\Documents\GitHub\excelize\vba-files
24/10/2025 02:03:45 a. m. - DEBUG:Importing VBA Files from: C:\Users\user\Documents\GitHub\excelize\vba-files\Controllers
24/10/2025 02:03:46 a. m. - DEBUG:MODULE IMPORTED: pageController.bas FROM FILE: C:\Users\user\Documents\GitHub\excelize\vba-files\Controllers\pageController.bas TO EXCEL
24/10/2025 02:03:46 a. m. - DEBUG:Importing VBA Files from: C:\Users\user\Documents\GitHub\excelize\vba-files\Helpers
24/10/2025 02:03:46 a. m. - DEBUG:MODULE IMPORTED: Alert.bas FROM FILE: C:\Users\user\Documents\GitHub\excelize\vba-files\Helpers\Alert.bas TO EXCEL
24/10/2025 02:03:46 a. m. - DEBUG:Importing VBA Files from: C:\Users\user\Documents\GitHub\excelize\vba-files\ribbons
24/10/2025 02:03:46 a. m. - DEBUG:MODULE IMPORTED: MyRibbon.bas FROM FILE: C:\Users\user\Documents\GitHub\excelize\vba-files\ribbons\MyRibbon.bas TO EXCEL
24/10/2025 02:03:46 a. m. - DEBUG:Importing VBA Files from: C:\Users\user\Documents\GitHub\excelize\vba-files\Views
24/10/2025 02:03:46 a. m. - DEBUG:MODULE IMPORTED: pageView.bas FROM FILE: C:\Users\user\Documents\GitHub\excelize\vba-files\Views\pageView.bas TO EXCEL
24/10/2025 02:03:46 a. m. - DEBUG:Importing VBA Files from: C:\Users\user\Documents\GitHub\excelize\xvba_modules
24/10/2025 02:03:46 a. m. - DEBUG:Importing VBA Files from: C:\Users\user\Documents\GitHub\excelize\xvba_modules\excel-types
24/10/2025 02:03:47 a. m. - DEBUG:Importing VBA Files from: C:\Users\user\Documents\GitHub\excelize\xvba_modules\excel-types\logs
24/10/2025 02:03:47 a. m. - DEBUG:Importing VBA Files from: C:\Users\user\Documents\GitHub\excelize\xvba_modules\Xdebug
24/10/2025 02:03:47 a. m. - DEBUG:CLASS IMPORTED: Xdebug FROM FILE: C:\Users\user\Documents\GitHub\excelize\xvba_modules\Xdebug\Xdebug.cls
24/10/2025 02:03:47 a. m. - DEBUG:Importing VBA Files from: C:\Users\user\Documents\GitHub\excelize\xvba_modules\Xdebug\images
24/10/2025 02:03:47 a. m. - DEBUG:Importing VBA Files from: C:\Users\user\Documents\GitHub\excelize\xvba_modules\Xlog
24/10/2025 02:03:47 a. m. - DEBUG:CLASS IMPORTED: Xlog FROM FILE: C:\Users\user\Documents\GitHub\excelize\xvba_modules\Xlog\Xlog.cls
24/10/2025 02:03:47 a. m. - DEBUG:Import VBA Files Finish
24/10/2025 02:04:01 a. m. - Error:Error inAutoloadModules
24/10/2025 02:06:10 a. m. - Error:Error inAutoloadModules
24/10/2025 02:43:44 a. m. - Error:Error inExportModules
24/10/2025 02:43:52 a. m. - Error:Error inAutoloadModules
24/10/2025 02:43:59 a. m. - Error:Error inAutoloadModules
24/10/2025 02:48:13 a. m. - Error:Error inExportModules
